---
# Source: aap-external-secrets/templates/aap-aeg-cm.yaml
apiVersion: v1
kind: ConfigMap
metadata:
  name: aeg-aap-cm
  namespace: ansible-automation-platform
data:
  aeg_project_repo: "https://github.com/pattern-clone/mypattern"
  aeg_project_branch: "main"
---
# Source: aap-external-secrets/templates/secret-aap-manifest.yaml
apiVersion: "external-secrets.io/v1beta1"
kind: ExternalSecret
metadata:
  name: aap-manifest
  namespace: ansible-automation-platform
spec:
  refreshInterval: 15s
  secretStoreRef:
    name: vault-backend
    kind: ClusterSecretStore
  target:
    name: aap-manifest
  dataFrom:
  - extract:
      key: secret/data/hub/aap-manifest
---
# Source: aap-external-secrets/templates/secret-kiosk-extra.yaml
apiVersion: "external-secrets.io/v1beta1"
kind: ExternalSecret
metadata:
  name: kiosk-extra
  namespace: ansible-automation-platform
spec:
  refreshInterval: 15s
  secretStoreRef:
    name: vault-backend
    kind: ClusterSecretStore
  target:
    name: kiosk-extra
  dataFrom:
  - extract:
      key: secret/data/hub/kiosk-extra
---
# Source: aap-external-secrets/templates/secret-kiosk-ssh.yaml
apiVersion: "external-secrets.io/v1beta1"
kind: ExternalSecret
metadata:
  name: kiosk-ssh
  namespace: ansible-automation-platform
spec:
  refreshInterval: 15s
  secretStoreRef:
    name: vault-backend
    kind: ClusterSecretStore
  target:
    name: kiosk-ssh
  dataFrom:
  - extract:
      key: secret/data/hub/kiosk-ssh
---
# Source: aap-external-secrets/templates/secret-rhsm.yaml
apiVersion: "external-secrets.io/v1beta1"
kind: ExternalSecret
metadata:
  name: rhsm
  namespace: ansible-automation-platform
spec:
  refreshInterval: 15s
  secretStoreRef:
    name: vault-backend
    kind: ClusterSecretStore
  target:
    name: rhsm
  dataFrom:
  - extract:
      key: secret/data/hub/rhsm
