---
# Source: edge-gitops-vms/templates/rbac/serviceAccount.yaml
apiVersion: v1
kind: ServiceAccount
metadata:
  name: ansible-edge-gitops-sa
  namespace: 
  annotations:
    argocd.argoproj.io/sync-wave: "1"
---
# Source: edge-gitops-vms/templates/rbac/role.yaml
apiVersion: rbac.authorization.k8s.io/v1
kind: ClusterRole
metadata:
  name: view-machine-api
  annotations:
    argocd.argoproj.io/sync-wave: "1"
rules:
  - apiGroups:
      - machine.openshift.io
    resources:
      - machinesets
    verbs:
      - get
      - list
      - watch
---
# Source: edge-gitops-vms/templates/rbac/rolebinding.yaml
apiVersion: rbac.authorization.k8s.io/v1
kind: RoleBinding
metadata:
  name: view-machine-api
  namespace: openshift-machine-api
  annotations:
    argocd.argoproj.io/sync-wave: "1"
subjects:
- kind: ServiceAccount
  name: ansible-edge-gitops-sa
  namespace: edge-gitops-vms
  apiGroup: ""
roleRef:
  kind: ClusterRole
  name: view-machine-api
  apiGroup: rbac.authorization.k8s.io
---
# Source: edge-gitops-vms/templates/job-waitForMetalNode.yaml
apiVersion: batch/v1
kind: Job
metadata:
  annotations:
    argocd.argoproj.io/sync-wave: "1"
  name: job-wait-for-metal-node
  namespace: edge-gitops-vms
spec:
  template:
    spec:
      containers:
      - image: image-registry.openshift-image-registry.svc:5000/openshift/cli:latest
        command:
        - /bin/bash
        - -c
        - |
          while [ 1 ];
          do
            nodes=$(oc get machineset -n openshift-machine-api -l 'edge-gitops-role=kubevirt-worker' -o jsonpath='{.items[*].status.availableReplicas}')
            if [ "$nodes" -ge "1" ]; then
              echo "Node is ready, exiting"
              exit 0
            fi
            echo "Node is not yet ready, waiting"
            sleep 15
          done
        name: wait-for-metal-node
      dnsPolicy: ClusterFirst
      restartPolicy: Never
      serviceAccount: ansible-edge-gitops-sa
      serviceAccountName: ansible-edge-gitops-sa
      terminationGracePeriodSeconds: 3600
---
# Source: edge-gitops-vms/templates/virtual-machines.yaml
apiVersion: "external-secrets.io/v1beta1"
kind: ExternalSecret
metadata:
  name: es-authorizedsshkeys-rhel8-kiosk-001
  annotations:
    argocd.argoproj.io/sync-wave: "2"
spec:
  refreshInterval: 90s
  secretStoreRef:
    name: vault-backend
    kind: ClusterSecretStore
  target:
    name: authorizedsshkeys-rhel8-kiosk-001
    template:
  data:
    - secretKey: key
      remoteRef:
        key: secret/data/hub/kiosk-ssh
        property: publickey
---
# Source: edge-gitops-vms/templates/virtual-machines.yaml
apiVersion: "external-secrets.io/v1beta1"
kind: ExternalSecret
metadata:
  name: es-authorizedsshkeys-rhel8-kiosk-002
  annotations:
    argocd.argoproj.io/sync-wave: "2"
spec:
  refreshInterval: 90s
  secretStoreRef:
    name: vault-backend
    kind: ClusterSecretStore
  target:
    name: authorizedsshkeys-rhel8-kiosk-002
    template:
  data:
    - secretKey: key
      remoteRef:
        key: secret/data/hub/kiosk-ssh
        property: publickey
---
# Source: edge-gitops-vms/templates/virtual-machines.yaml
apiVersion: v1
items:
- apiVersion: kubevirt.io/v1
  kind: VirtualMachine
  metadata:
    annotations:
      vm.kubevirt.io/validations: |
        [
          {
            "name": "minimal-required-memory",
            "path": "jsonpath::.spec.domain.resources.requests.memory",
            "rule": "integer",
            "message": "This VM requires more memory.",
            "min": 1610612736
          }
        ]
      argocd.argoproj.io/sync-wave: "2"
    labels:
      app: rhel8-kiosk-001
      edge-gitops-role: kiosk
      vm.kubevirt.io/template: rhel8-desktop-medium
      vm.kubevirt.io/template.revision: "1"
      vm.kubevirt.io/template.version: v0.19.4
    name: rhel8-kiosk-001
  spec:
    dataVolumeTemplates:
    - apiVersion: cdi.kubevirt.io/v1beta1
      kind: DataVolume
      metadata:
        name: rhel8-kiosk-001
      spec:
        sourceRef:
          kind: DataSource
          name: rhel8
          namespace: openshift-virtualization-os-images
        pvc:
          accessModes:
            - ReadWriteMany
          resources:
            requests:
              storage: 30Gi
          storageClassName: ocs-storagecluster-ceph-rbd
          volumeMode: Block
    running: true
    template:
      metadata:
        annotations:
          vm.kubevirt.io/flavor: medium
          vm.kubevirt.io/os: rhel8
          vm.kubevirt.io/workload: desktop
        labels:
          kubevirt.io/domain: rhel8-kiosk-001
          kubevirt.io/size: medium
          vm.kubevirt.io/name: rhel8-kiosk-001
      spec:
        accessCredentials:
          - sshPublicKey:
              propagationMethod:
                configDrive: {}
              source:
                secret:
                  secretName: authorizedsshkeys-rhel8-kiosk-001
        domain:
          cpu:
            cores: 1
            sockets: 1
            threads: 1
          devices:
            disks:
            - disk:
                bus: virtio
              name: rhel8-kiosk-001
            - disk:
                bus: virtio
              name: cloudinitdisk
            inputs:
            - bus: virtio
              name: tablet
              type: tablet
            interfaces:
            - masquerade: {}
              name: default
            networkInterfaceMultiqueue: true
            rng: {}
          machine:
            type: pc-q35-rhel8.4.0
          resources:
            requests:
              memory: 4Gi
        evictionStrategy: LiveMigrate
        networks:
        - name: default
          pod: {}
        terminationGracePeriodSeconds: 180
        volumes:
        - dataVolume:
            name: rhel8-kiosk-001
          name: rhel8-kiosk-001
        - cloudInitConfigDrive:
            userData: |-
              #cloud-config
              user: cloud-user
              password: 6toh-n1d5-9xpq
              chpasswd: { expire: False }
          name: cloudinitdisk
- apiVersion: v1
  kind: Service
  metadata:
    name: rhel8-kiosk-001
    annotations:
      argocd.argoproj.io/sync-wave: "2"
    labels:
      app: rhel8-kiosk-001
      edge-gitops-role: kiosk
  spec:
    ipFamilies:
    - IPv4
    ipFamilyPolicy: SingleStack
    ports: [
  {
    "name": "ssh",
    "port": 22,
    "protocol": "TCP",
    "targetPort": 22
  },
  {
    "name": "rdp",
    "port": 3389,
    "protocol": "TCP",
    "targetPort": 3389
  }
]
    selector:
      vm.kubevirt.io/name: rhel8-kiosk-001
    sessionAffinity: None
    type: NodePort
kind: List
metadata: {}
---
# Source: edge-gitops-vms/templates/virtual-machines.yaml
apiVersion: v1
items:
- apiVersion: kubevirt.io/v1
  kind: VirtualMachine
  metadata:
    annotations:
      vm.kubevirt.io/validations: |
        [
          {
            "name": "minimal-required-memory",
            "path": "jsonpath::.spec.domain.resources.requests.memory",
            "rule": "integer",
            "message": "This VM requires more memory.",
            "min": 1610612736
          }
        ]
      argocd.argoproj.io/sync-wave: "2"
    labels:
      app: rhel8-kiosk-002
      edge-gitops-role: kiosk
      vm.kubevirt.io/template: rhel8-desktop-medium
      vm.kubevirt.io/template.revision: "1"
      vm.kubevirt.io/template.version: v0.19.4
    name: rhel8-kiosk-002
  spec:
    dataVolumeTemplates:
    - apiVersion: cdi.kubevirt.io/v1beta1
      kind: DataVolume
      metadata:
        name: rhel8-kiosk-002
      spec:
        sourceRef:
          kind: DataSource
          name: rhel8
          namespace: openshift-virtualization-os-images
        pvc:
          accessModes:
            - ReadWriteMany
          resources:
            requests:
              storage: 30Gi
          storageClassName: ocs-storagecluster-ceph-rbd
          volumeMode: Block
    running: true
    template:
      metadata:
        annotations:
          vm.kubevirt.io/flavor: medium
          vm.kubevirt.io/os: rhel8
          vm.kubevirt.io/workload: desktop
        labels:
          kubevirt.io/domain: rhel8-kiosk-002
          kubevirt.io/size: medium
          vm.kubevirt.io/name: rhel8-kiosk-002
      spec:
        accessCredentials:
          - sshPublicKey:
              propagationMethod:
                configDrive: {}
              source:
                secret:
                  secretName: authorizedsshkeys-rhel8-kiosk-002
        domain:
          cpu:
            cores: 1
            sockets: 1
            threads: 1
          devices:
            disks:
            - disk:
                bus: virtio
              name: rhel8-kiosk-002
            - disk:
                bus: virtio
              name: cloudinitdisk
            inputs:
            - bus: virtio
              name: tablet
              type: tablet
            interfaces:
            - masquerade: {}
              name: default
            networkInterfaceMultiqueue: true
            rng: {}
          machine:
            type: pc-q35-rhel8.4.0
          resources:
            requests:
              memory: 4Gi
        evictionStrategy: LiveMigrate
        networks:
        - name: default
          pod: {}
        terminationGracePeriodSeconds: 180
        volumes:
        - dataVolume:
            name: rhel8-kiosk-002
          name: rhel8-kiosk-002
        - cloudInitConfigDrive:
            userData: |-
              #cloud-config
              user: cloud-user
              password: 6toh-n1d5-9xpq
              chpasswd: { expire: False }
          name: cloudinitdisk
- apiVersion: v1
  kind: Service
  metadata:
    name: rhel8-kiosk-002
    annotations:
      argocd.argoproj.io/sync-wave: "2"
    labels:
      app: rhel8-kiosk-002
      edge-gitops-role: kiosk
  spec:
    ipFamilies:
    - IPv4
    ipFamilyPolicy: SingleStack
    ports: [
  {
    "name": "ssh",
    "port": 22,
    "protocol": "TCP",
    "targetPort": 22
  },
  {
    "name": "rdp",
    "port": 3389,
    "protocol": "TCP",
    "targetPort": 3389
  }
]
    selector:
      vm.kubevirt.io/name: rhel8-kiosk-002
    sessionAffinity: None
    type: NodePort
kind: List
metadata: {}
---
# Source: edge-gitops-vms/templates/rhel8-kiosk-with-svc.yaml
apiVersion: template.openshift.io/v1
kind: Template
metadata:
  annotations:
    argocd.argoproj.io/sync-wave: "2"
    defaults.template.kubevirt.io/disk: rootdisk
    description: Template for Red Hat Enterprise Linux 8 VM or newer. A PVC with the
      RHEL disk image must be available.
    iconClass: icon-rhel
    name.os.template.kubevirt.io/rhel8.0: Red Hat Enterprise Linux 8.0 or higher
    name.os.template.kubevirt.io/rhel8.1: Red Hat Enterprise Linux 8.0 or higher
    name.os.template.kubevirt.io/rhel8.2: Red Hat Enterprise Linux 8.0 or higher
    name.os.template.kubevirt.io/rhel8.3: Red Hat Enterprise Linux 8.0 or higher
    name.os.template.kubevirt.io/rhel8.4: Red Hat Enterprise Linux 8.0 or higher
    name.os.template.kubevirt.io/rhel8.5: Red Hat Enterprise Linux 8.0 or higher
    openshift.io/display-name: Red Hat Enterprise Linux 8.0+ VM
    openshift.io/documentation-url: https://github.com/kubevirt/common-templates
    openshift.io/provider-display-name: KubeVirt
    openshift.io/support-url: https://github.com/kubevirt/common-templates/issues
    operator-sdk/primary-resource: openshift-cnv/ssp-kubevirt-hyperconverged
    operator-sdk/primary-resource-type: SSP.ssp.kubevirt.io
    tags: hidden,kubevirt,virtualmachine,linux,rhel
    template.kubevirt.io/editable: |
      /objects[0].spec.template.spec.domain.cpu.sockets
      /objects[0].spec.template.spec.domain.cpu.cores
      /objects[0].spec.template.spec.domain.cpu.threads
      /objects[0].spec.template.spec.domain.resources.requests.memory
      /objects[0].spec.template.spec.domain.devices.disks
      /objects[0].spec.template.spec.volumes
      /objects[0].spec.template.spec.networks
    template.kubevirt.io/provider: Red Hat
    template.kubevirt.io/provider-support-level: Full
    template.kubevirt.io/provider-url: https://www.redhat.com
    template.kubevirt.io/version: v1alpha1
    template.openshift.io/bindable: "false"
  creationTimestamp: "2022-05-24T14:47:18Z"
  labels:
    app.kubernetes.io/component: templating
    app.kubernetes.io/managed-by: ssp-operator
    app.kubernetes.io/name: common-templates
    app.kubernetes.io/part-of: hyperconverged-cluster
    app.kubernetes.io/version: 4.10.1
    flavor.template.kubevirt.io/medium: "true"
    os.template.kubevirt.io/rhel8.0: "true"
    os.template.kubevirt.io/rhel8.1: "true"
    os.template.kubevirt.io/rhel8.2: "true"
    os.template.kubevirt.io/rhel8.3: "true"
    os.template.kubevirt.io/rhel8.4: "true"
    os.template.kubevirt.io/rhel8.5: "true"
    template.kubevirt.io/type: base
    template.kubevirt.io/version: v0.19.4
    workload.template.kubevirt.io/desktop: "true"
  name: rhel8-kiosk-with-svc
  namespace: edge-gitops-vms
objects:
- apiVersion: kubevirt.io/v1
  kind: VirtualMachine
  metadata:
    annotations:
      vm.kubevirt.io/validations: |
        [
          {
            "name": "minimal-required-memory",
            "path": "jsonpath::.spec.domain.resources.requests.memory",
            "rule": "integer",
            "message": "This VM requires more memory.",
            "min": 1610612736
          }
        ]
    labels:
      app: ${NAME}
      edge-gitops-role: kiosk
      vm.kubevirt.io/template: rhel8-desktop-medium
      vm.kubevirt.io/template.revision: "1"
      vm.kubevirt.io/template.version: v0.19.4
    name: ${NAME}
  spec:
    dataVolumeTemplates:
    - apiVersion: cdi.kubevirt.io/v1beta1
      kind: DataVolume
      metadata:
        name: ${NAME}
      spec:
        sourceRef:
          kind: DataSource
          name: ${DATA_SOURCE_NAME}
          namespace: ${DATA_SOURCE_NAMESPACE}
        storage:
          resources:
            requests:
              storage: 30Gi
    running: true
    template:
      metadata:
        annotations:
          vm.kubevirt.io/flavor: medium
          vm.kubevirt.io/os: rhel8
          vm.kubevirt.io/workload: desktop
        labels:
          kubevirt.io/domain: ${NAME}
          vm.kubevirt.io/name: ${NAME}
          kubevirt.io/size: medium
      spec:
        domain:
          cpu:
            cores: 1
            sockets: 1
            threads: 1
          devices:
            disks:
            - disk:
                bus: virtio
              name: ${NAME}
            - disk:
                bus: virtio
              name: cloudinitdisk
            inputs:
            - bus: virtio
              name: tablet
              type: tablet
            interfaces:
            - masquerade: {}
              name: default
            networkInterfaceMultiqueue: true
            rng: {}
          machine:
            type: pc-q35-rhel8.4.0
          resources:
            requests:
              memory: 4Gi
        evictionStrategy: LiveMigrate
        networks:
        - name: default
          pod: {}
        terminationGracePeriodSeconds: 180
        volumes:
        - dataVolume:
            name: ${NAME}
          name: ${NAME}
        - cloudInitNoCloud:
            userData: |-
              #cloud-config
              user: cloud-user
              password: ${CLOUD_USER_PASSWORD}
              chpasswd: { expire: False }
          name: cloudinitdisk
- apiVersion: v1
  kind: Service
  metadata:
    name: ${NAME}
  spec:
    ipFamilies:
    - IPv4
    ipFamilyPolicy: SingleStack
    ports:
    - name: ssh
      port: 22
      protocol: TCP
      targetPort: 22
    - name: rdp
      port: 3389
      protocol: TCP
      targetPort: 3389
    selector:
      vm.kubevirt.io/name: ${NAME}
    sessionAffinity: None
    type: NodePort
parameters:
- description: VM name
  from: rhel8-kiosk-[a-z0-9]{4}
  generate: expression
  name: NAME
- description: Name of the DataSource to clone
  name: DATA_SOURCE_NAME
  value: rhel8
- description: Namespace of the DataSource
  name: DATA_SOURCE_NAMESPACE
  value: openshift-virtualization-os-images
- description: Randomized password for the cloud-init user cloud-user
  from: '[a-z0-9]{4}-[a-z0-9]{4}-[a-z0-9]{4}'
  generate: expression
  name: CLOUD_USER_PASSWORD
